type t = âˆ€^k. ^k -> ^k
constructor Foo : âˆ€^k, 'a. ('a -{^k}> 'a) -> 'a t
f : âˆ€^k, 'a. ('a : ^k) => 'a t

y : int

