type channel = lin
create : unit -> channel
close : channel -> unit
Type error: The kind inequality lin < ^_k < affâ‚™ is not satisfiable.
