id : âˆ€^k, 'a. ('a : ^k) => 'a -> 'a

id2 : ('_a -> '_a)

x : int -> int

a : int

plusa : int -> int

c : int

