f :
  ∀^k, ^l, 'a, 'b. ('b : ^l) & ('a : ^k) & (^l < affₙ) =>
  'a -> 'b -{^k}> 'a

a : ∀^k, 'a. ('a : ^k) & (^k < affₙ) => 'a -> int

a2 : int

b : ∀^k, 'a. ('a : ^k) & (^k < unₙ) => 'a -> 'a

